
  Loading design 'fft_chip'

************************************************************
SI options:
Delta Delay Computation:           true
Static Noise Computation:          false
Timing window analysis for SI:     false
Reselection in timing window:      false
Min Delta Delay for SI:            true
Analysis Effort:                   low
Max Transition Mode:               normal_slew
Static Noise Thresholds:           0.35 (0.57V) above low
                                   0.35 (0.57V) below high
Route xtalk prevention:            true
Route xtalk prevention threshold:  0.25
************************************************************

Information: Updating design information... (UID-85)

************************************************************
SI options:
Delta Delay Computation:           true
Static Noise Computation:          false
Timing window analysis for SI:     false
Reselection in timing window:      false
Min Delta Delay for SI:            true
Analysis Effort:                   low
Max Transition Mode:               normal_slew
Static Noise Thresholds:           0.35 (0.57V) above low
                                   0.35 (0.57V) below high
Route xtalk prevention:            true
Route xtalk prevention threshold:  0.25
************************************************************

Information: Input delay ('rise') on clock port 'clk' will be added to the clock's propagated skew. (TIM-112)
Information: Input delay ('fall') on clock port 'clk' will be added to the clock's propagated skew. (TIM-112)
Information: Input delay ('rise') on clock port 'clk' will be added to the clock's propagated skew. (TIM-112)
Information: Input delay ('fall') on clock port 'clk' will be added to the clock's propagated skew. (TIM-112)
 
****************************************
Report : timing
        -path full
        -delay max
        -max_paths 1
Design : fft_chip
Version: D-2010.03-ICC-SP5-2
Date   : Fri Mar 22 05:22:53 2019
****************************************

 * Some/all delay information is back-annotated.

Operating Conditions: slow   Library: slow
	Parasitic source    : LPE
	Parasitic mode      : RealRC
	Extraction mode     : MIN_MAX
	Extraction derating : 0/25/125

Information: Percent of Arnoldi-based delays = 18.88%

  Startpoint: data_in[1] (input port clocked by clk)
  Endpoint: inst_fft/s_p0/R11_reg_1_
            (rising edge-triggered flip-flop clocked by clk)
  Path Group: INPUTS
  Path Type: max

  Point                                    Incr       Path
  -----------------------------------------------------------
  clock clk (rise edge)                    0.00       0.00
  clock network delay (ideal)              5.76       5.76
  input external delay                     3.70       9.46 f
  data_in[1] (in)                          0.32       9.78 f
  PIW_data_in1/C (PIW)                     0.98 *    10.76 f
  inst_fft/data_in[1] (fft)                0.00      10.76 f
  inst_fft/s_p0/data_in_1[1] (s_p)         0.00      10.76 f
  inst_fft/s_p0/R11_reg_1_/D (EDFFX1)      0.12 &    10.88 f
  data arrival time                                  10.88

  clock clk (rise edge)                    7.40       7.40
  clock network delay (propagated)         5.71      13.11
  clock reconvergence pessimism            0.00      13.11
  clock uncertainty                       -0.20      12.91
  inst_fft/s_p0/R11_reg_1_/CK (EDFFX1)     0.00      12.91 r
  library setup time                      -0.68      12.23
  data required time                                 12.23
  -----------------------------------------------------------
  data required time                                 12.23
  data arrival time                                 -10.88
  -----------------------------------------------------------
  slack (MET)                                         1.35


  Startpoint: inst_fft/p_s0/data_out_3_reg_26_
              (rising edge-triggered flip-flop clocked by clk)
  Endpoint: data_out[26]
            (output port clocked by clk)
  Path Group: OUTPUTS
  Path Type: max

  Point                                                   Incr       Path
  --------------------------------------------------------------------------
  clock clk (rise edge)                                   0.00       0.00
  clock network delay (propagated)                        5.83       5.83
  inst_fft/p_s0/data_out_3_reg_26_/CK (EDFFX2)            0.00       5.83 r
  inst_fft/p_s0/data_out_3_reg_26_/Q (EDFFX2)             0.79       6.62 r
  inst_fft/p_s0/data_out_3[26] (p_s)                      0.00       6.62 r
  inst_fft/data_out[26] (fft)                             0.00       6.62 r
  PO8W_data_out26/PAD (PO8W)                              1.75 &     8.37 r
  data_out[26] (out)                                      0.00 *     8.37 r
  data arrival time                                                  8.37

  clock clk (rise edge)                                   7.40       7.40
  clock network delay (ideal)                             5.76      13.16
  clock reconvergence pessimism                           0.00      13.16
  clock uncertainty                                      -0.20      12.96
  output external delay                                  -3.70       9.26
  data required time                                                 9.26
  --------------------------------------------------------------------------
  data required time                                                 9.26
  data arrival time                                                 -8.37
  --------------------------------------------------------------------------
  slack (MET)                                                        0.88


  Startpoint: inst_fft/mux0/counter_reg_0_
              (rising edge-triggered flip-flop clocked by clk)
  Endpoint: inst_fft/p_s0/R2_reg_33_
            (rising edge-triggered flip-flop clocked by clk)
  Path Group: clk
  Path Type: max

  Point                                                   Incr       Path
  --------------------------------------------------------------------------
  clock clk (rise edge)                                   0.00       0.00
  clock network delay (propagated)                        5.83       5.83
  inst_fft/mux0/counter_reg_0_/CK (JKFFRX4)               0.00       5.83 r
  inst_fft/mux0/counter_reg_0_/QN (JKFFRX4)               0.56       6.39 f
  inst_fft/mux0/U107/Y (CLKINVX8)                         0.05 &     6.44 r
  inst_fft/mux0/U558/Y (NAND2BX4)                         0.18 &     6.61 r
  inst_fft/mux0/U537/Y (INVX8)                            0.07 &     6.68 f
  inst_fft/mux0/U93/Y (OR2X4)                             0.21 &     6.89 f
  inst_fft/mux0/U63/Y (NAND2X4)                           0.12 &     7.00 r
  inst_fft/mux0/U43/Y (BUFX20)                            0.15 &     7.15 r
  inst_fft/mux0/data_out[101] (mux)                       0.00       7.15 r
  inst_fft/butterfly0/calc_in[101] (butterfly)            0.00       7.15 r
  inst_fft/butterfly0/U6/Y (CLKBUFX16)                    0.26 &     7.41 r
  inst_fft/butterfly0/multiCRR/in_17bit[16]_hfs_netlink_19 (multi16_8)
                                                          0.00       7.41 r
  inst_fft/butterfly0/multiCRR/U60/Y (XNOR2X1)            0.38 &     7.79 r
  inst_fft/butterfly0/multiCRR/U322/Y (NOR2X4)            0.09 &     7.88 f
  inst_fft/butterfly0/multiCRR/U323/Y (XNOR2X4)           0.26 &     8.14 r
  inst_fft/butterfly0/multiCRR/out[8] (multi16_8)         0.00       8.14 r
  inst_fft/butterfly0/sub_278/A[8] (butterfly_DW01_sub_115)
                                                          0.00       8.14 r
  inst_fft/butterfly0/sub_278/U179/Y (NAND2BX4)           0.19 &     8.33 r
  inst_fft/butterfly0/sub_278/U126/Y (BUFX20)             0.14 &     8.47 r
  inst_fft/butterfly0/sub_278/U253/Y (NAND4BX4)           0.19 &     8.67 f
  inst_fft/butterfly0/sub_278/U122/Y (NOR3X4)             0.17 &     8.83 r
  inst_fft/butterfly0/sub_278/U84/Y (NAND2X4)             0.10 &     8.93 f
  inst_fft/butterfly0/sub_278/U121/Y (NAND2BX4)           0.18 &     9.11 f
  inst_fft/butterfly0/sub_278/U92/Y (NAND4X4)             0.16 &     9.26 r
  inst_fft/butterfly0/sub_278/U251/Y (XOR2X4)             0.24 &     9.50 f
  inst_fft/butterfly0/sub_278/DIFF[14] (butterfly_DW01_sub_115)
                                                          0.00       9.50 f
  inst_fft/butterfly0/U120/Y (BUFX20)                     0.14 &     9.64 f
  inst_fft/butterfly0/U102/Y (BUFX20)                     0.17 &     9.81 f
  inst_fft/butterfly0/add_2_root_add_0_root_add_292_3/B[14] (butterfly_DW01_add_49)
                                                          0.00       9.81 f
  inst_fft/butterfly0/add_2_root_add_0_root_add_292_3/U147/Y (OR2X4)
                                                          0.27 &    10.08 f
  inst_fft/butterfly0/add_2_root_add_0_root_add_292_3/U148/Y (NAND2X4)
                                                          0.10 &    10.19 r
  inst_fft/butterfly0/add_2_root_add_0_root_add_292_3/U140/Y (NAND4BBX2)
                                                          0.20 &    10.39 r
  inst_fft/butterfly0/add_2_root_add_0_root_add_292_3/U122/Y (NAND3X4)
                                                          0.11 &    10.50 f
  inst_fft/butterfly0/add_2_root_add_0_root_add_292_3/U187/Y (XOR2X4)
                                                          0.23 &    10.73 f
  inst_fft/butterfly0/add_2_root_add_0_root_add_292_3/SUM[15] (butterfly_DW01_add_49)
                                                          0.00      10.73 f
  inst_fft/butterfly0/add_0_root_add_0_root_add_292_3/A[15] (butterfly_DW01_add_158)
                                                          0.00      10.73 f
  inst_fft/butterfly0/add_0_root_add_0_root_add_292_3/U186/Y (NOR2X4)
                                                          0.15 &    10.88 r
  inst_fft/butterfly0/add_0_root_add_0_root_add_292_3/U74/Y (INVX8)
                                                          0.05 &    10.93 f
  inst_fft/butterfly0/add_0_root_add_0_root_add_292_3/U185/Y (NAND3BX4)
                                                          0.11 &    11.04 r
  inst_fft/butterfly0/add_0_root_add_0_root_add_292_3/U2/Y (INVX4)
                                                          0.05 &    11.10 f
  inst_fft/butterfly0/add_0_root_add_0_root_add_292_3/U168/Y (AND2X4)
                                                          0.15 &    11.25 f
  inst_fft/butterfly0/add_0_root_add_0_root_add_292_3/U57/Y (NAND2X2)
                                                          0.07 &    11.32 r
  inst_fft/butterfly0/add_0_root_add_0_root_add_292_3/U183/Y (OAI211X2)
                                                          0.14 &    11.46 f
  inst_fft/butterfly0/add_0_root_add_0_root_add_292_3/U98/Y (XNOR2X4)
                                                          0.21 &    11.67 f
  inst_fft/butterfly0/add_0_root_add_0_root_add_292_3/U205/Y (BUFX16)
                                                          0.13 &    11.80 f
  inst_fft/butterfly0/add_0_root_add_0_root_add_292_3/SUM[16] (butterfly_DW01_add_158)
                                                          0.00      11.80 f
  inst_fft/butterfly0/U78/Y (BUFX20)                      0.14 &    11.94 f
  inst_fft/butterfly0/calc_out[33] (butterfly)            0.00      11.94 f
  inst_fft/p_s0/data_in_3[33] (p_s)                       0.00      11.94 f
  inst_fft/p_s0/U75/Y (MX2X2)                             0.24 &    12.18 f
  inst_fft/p_s0/R2_reg_33_/D (DFFXL)                      0.00 &    12.18 f
  data arrival time                                                 12.18

  clock clk (rise edge)                                   7.40       7.40
  clock network delay (propagated)                        5.70      13.10
  clock reconvergence pessimism                           0.06      13.16
  clock uncertainty                                      -0.20      12.96
  inst_fft/p_s0/R2_reg_33_/CK (DFFXL)                     0.00      12.96 r
  library setup time                                     -0.12      12.84
  data required time                                                12.84
  --------------------------------------------------------------------------
  data required time                                                12.84
  data arrival time                                                -12.18
  --------------------------------------------------------------------------
  slack (MET)                                                        0.65


1
