Warning: Design 'fft_chip' has '12' unresolved references. For more detailed information, use the "link" command. (UID-341)
 
****************************************
Report : timing
        -path full
        -delay max
        -max_paths 1
Design : fft_chip
Version: D-2010.03-SP5-3
Date   : Thu Mar 21 19:38:20 2019
****************************************

 # A fanout number of 1000 was used for high fanout net computations.

Operating Conditions: slow   Library: slow
Wire Load Model Mode: segmented

  Startpoint: inst_fft/mux0/counter_reg_2_
              (rising edge-triggered flip-flop clocked by clk)
  Endpoint: inst_fft/p_s0/R8_reg_31_
            (rising edge-triggered flip-flop clocked by clk)
  Path Group: clk
  Path Type: max

  Des/Clust/Port     Wire Load Model       Library
  ------------------------------------------------
  fft_chip           smic18_wl10           slow

  Point                                                   Incr       Path
  --------------------------------------------------------------------------
  clock clk (rise edge)                                   0.00       0.00
  clock network delay (ideal)                             4.30       4.30
  inst_fft/mux0/counter_reg_2_/CK (DFFRHQX4)              0.00 #     4.30 r
  inst_fft/mux0/counter_reg_2_/Q (DFFRHQX4)               0.43       4.73 r
  inst_fft/mux0/U26/Y (CLKINVX3)                          0.26       4.98 f
  inst_fft/mux0/U32/Y (NAND4X4)                           0.25       5.24 r
  inst_fft/mux0/U43/Y (AND2X1)                            0.40       5.64 r
  inst_fft/mux0/U38/Y (BUFX16)                            0.30       5.93 r
  inst_fft/mux0/U25/Y (AOI22X1)                           0.22       6.15 f
  inst_fft/mux0/U191/Y (OAI21X4)                          0.38       6.53 r
  inst_fft/mux0/data_out[17] (mux)                        0.00       6.53 r
  inst_fft/butterfly0/calc_in[17] (butterfly)             0.00       6.53 r
  inst_fft/butterfly0/add_2_root_sub_0_root_sub_295_2/A[0] (butterfly_DW01_add_99)
                                                          0.00       6.53 r
  inst_fft/butterfly0/add_2_root_sub_0_root_sub_295_2/U40/Y (NAND2XL)
                                                          0.25       6.78 f
  inst_fft/butterfly0/add_2_root_sub_0_root_sub_295_2/U3/Y (BUFX4)
                                                          0.32       7.10 f
  inst_fft/butterfly0/add_2_root_sub_0_root_sub_295_2/U9/Y (OAI21X4)
                                                          0.22       7.32 r
  inst_fft/butterfly0/add_2_root_sub_0_root_sub_295_2/U39/Y (OAI221X1)
                                                          0.27       7.59 f
  inst_fft/butterfly0/add_2_root_sub_0_root_sub_295_2/U6/Y (OAI2BB1X2)
                                                          0.33       7.92 r
  inst_fft/butterfly0/add_2_root_sub_0_root_sub_295_2/U55/Y (INVX1)
                                                          0.13       8.05 f
  inst_fft/butterfly0/add_2_root_sub_0_root_sub_295_2/U54/Y (OAI21XL)
                                                          0.60       8.65 r
  inst_fft/butterfly0/add_2_root_sub_0_root_sub_295_2/U12/Y (AOI21X2)
                                                          0.23       8.89 f
  inst_fft/butterfly0/add_2_root_sub_0_root_sub_295_2/U5/Y (XOR2X1)
                                                          0.49       9.38 f
  inst_fft/butterfly0/add_2_root_sub_0_root_sub_295_2/SUM[6] (butterfly_DW01_add_99)
                                                          0.00       9.38 f
  inst_fft/butterfly0/sub_0_root_sub_0_root_sub_295_2/A[6] (butterfly_DW01_sub_64)
                                                          0.00       9.38 f
  inst_fft/butterfly0/sub_0_root_sub_0_root_sub_295_2/U87/Y (NOR2X1)
                                                          0.70      10.08 r
  inst_fft/butterfly0/sub_0_root_sub_0_root_sub_295_2/U83/Y (AOI211X1)
                                                          0.26      10.34 f
  inst_fft/butterfly0/sub_0_root_sub_0_root_sub_295_2/U82/Y (INVX1)
                                                          0.20      10.53 r
  inst_fft/butterfly0/sub_0_root_sub_0_root_sub_295_2/U81/Y (AOI31X1)
                                                          0.31      10.84 f
  inst_fft/butterfly0/sub_0_root_sub_0_root_sub_295_2/U19/Y (AOI21X2)
                                                          0.37      11.21 r
  inst_fft/butterfly0/sub_0_root_sub_0_root_sub_295_2/U34/Y (OR2X4)
                                                          0.20      11.40 r
  inst_fft/butterfly0/sub_0_root_sub_0_root_sub_295_2/U16/Y (NAND2X2)
                                                          0.16      11.57 f
  inst_fft/butterfly0/sub_0_root_sub_0_root_sub_295_2/U31/Y (NOR2X2)
                                                          0.24      11.80 r
  inst_fft/butterfly0/sub_0_root_sub_0_root_sub_295_2/U57/Y (INVX1)
                                                          0.20      12.00 f
  inst_fft/butterfly0/sub_0_root_sub_0_root_sub_295_2/U35/Y (AOI31XL)
                                                          0.47      12.48 r
  inst_fft/butterfly0/sub_0_root_sub_0_root_sub_295_2/U39/Y (XOR2X2)
                                                          0.59      13.07 f
  inst_fft/butterfly0/sub_0_root_sub_0_root_sub_295_2/DIFF[14] (butterfly_DW01_sub_64)
                                                          0.00      13.07 f
  inst_fft/butterfly0/calc_out[99] (butterfly)            0.00      13.07 f
  inst_fft/p_s0/data_in_3[99] (p_s)                       0.00      13.07 f
  inst_fft/p_s0/R8_reg_31_/D (EDFFX1)                     0.00      13.07 f
  data arrival time                                                 13.07

  clock clk (rise edge)                                  10.00      10.00
  clock network delay (ideal)                             4.30      14.30
  clock uncertainty                                      -0.50      13.80
  inst_fft/p_s0/R8_reg_31_/CK (EDFFX1)                    0.00      13.80 r
  library setup time                                     -0.73      13.07
  data required time                                                13.07
  --------------------------------------------------------------------------
  data required time                                                13.07
  data arrival time                                                -13.07
  --------------------------------------------------------------------------
  slack (MET)                                                        0.00


1
