Information: Updating graph... (UID-83)
Warning: Design 'fft_chip' contains 1 high-fanout nets. A fanout number of 1000 will be used for delay calculations involving these nets. (TIM-134)
Information: Updating design information... (UID-85)
Warning: Design 'fft_chip' contains 1 high-fanout nets. A fanout number of 1000 will be used for delay calculations involving these nets. (TIM-134)
 
****************************************
Report : constraint
        -all_violators
Design : fft_chip
Version: D-2010.03-SP5-3
Date   : Wed Apr 29 21:50:08 2020
****************************************


   min_delay/hold ('clk' group)

                             Required        Actual
   Endpoint                 Path Delay     Path Delay        Slack
   -----------------------------------------------------------------
   inst_fft/ctrl0/mux_flag_reg/D
                                4.79           4.69 f        -0.09  (VIOLATED)
   inst_fft/ctrl0/rotation_reg[2]/D
                                4.79           4.69 f        -0.09  (VIOLATED)
   inst_fft/ctrl0/rotation_reg[1]/D
                                4.79           4.70 f        -0.08  (VIOLATED)
   inst_fft/mux0/counter_reg[3]/D
                                4.80           4.72 f        -0.08  (VIOLATED)
   inst_fft/ctrl0/rotation_reg[0]/D
                                4.78           4.71 f        -0.07  (VIOLATED)
   inst_fft/mux0/counter_reg[1]/D
                                4.80           4.75 f        -0.05  (VIOLATED)
   inst_fft/s_p0/data_out_1_reg[34]/D
                                4.84           4.83 f         0.00  (VIOLATED: increase signficant digits)
   inst_fft/s_p0/data_out_1_reg[67]/D
                                4.84           4.83 f         0.00  (VIOLATED: increase signficant digits)
   inst_fft/s_p0/data_out_1_reg[68]/D
                                4.84           4.83 f         0.00  (VIOLATED: increase signficant digits)
   inst_fft/s_p0/data_out_1_reg[85]/D
                                4.84           4.83 f         0.00  (VIOLATED: increase signficant digits)
   inst_fft/s_p0/data_out_1_reg[118]/D
                                4.84           4.83 f         0.00  (VIOLATED: increase signficant digits)


   max_capacitance

                             Required        Actual
   Net                      Capacitance    Capacitance       Slack
   -----------------------------------------------------------------
   inst_fft/p_s0/n1191          0.16           0.16          -0.01  (VIOLATED)


1
